03-30 19:15:49.501  1308  3577 I ActivityTaskManager: START u0 {act=android.intent.action.MAIN cat=[android.intent.category.LAUNCHER] flg=0x10000000 pkg=com.bluemanta.towersofminduir cmp=com.bluemanta.towersofminduir/com.google.firebase.MessagingUnityPlayerActivity} from uid 10026 pid 16102
03-30 19:15:49.958  1308  1406 I ActivityManager: Start proc 16265:com.bluemanta.towersofminduir/u0a563 for activity {com.bluemanta.towersofminduir/com.google.firebase.MessagingUnityPlayerActivity}
03-30 19:15:50.018  1308  4687 D OpQuickReply: setQuickReplyResumed focusedApp AppWindowToken{ee64387 token=Token{bdc37c6 ActivityRecord{3a269a1 u0 com.bluemanta.towersofminduir/com.google.firebase.MessagingUnityPlayerActivity t8561}}} pkgName com.bluemanta.towersofminduir
03-30 19:15:50.826  1308  4690 D ActivityTaskManager: setRequestedOrientation() to 1 for ActivityRecord{3a269a1 u0 com.bluemanta.towersofminduir/com.google.firebase.MessagingUnityPlayerActivity t8561} from pid=16265, uid=10563
03-30 19:15:50.882  1308  4690 D ActivityTaskManager: setRequestedOrientation() to 1 for ActivityRecord{3a269a1 u0 com.bluemanta.towersofminduir/com.google.firebase.MessagingUnityPlayerActivity t8561} from pid=16265, uid=10563
03-30 19:15:51.190  1308  4690 D ActivityTaskManager: setRequestedOrientation() to 1 for ActivityRecord{3a269a1 u0 com.bluemanta.towersofminduir/com.google.firebase.MessagingUnityPlayerActivity t8561} from pid=16265, uid=10563
03-30 19:18:35.310  1308  6422 D OpQuickReply: setQuickReplyResumed focusedApp AppWindowToken{ee64387 token=Token{bdc37c6 ActivityRecord{3a269a1 u0 com.bluemanta.towersofminduir/com.google.firebase.MessagingUnityPlayerActivity t8561}}} pkgName com.bluemanta.towersofminduir
03-30 19:18:35.436  1308  4697 D ActivityTaskManager: setRequestedOrientation() to 1 for ActivityRecord{3a269a1 u0 com.bluemanta.towersofminduir/com.google.firebase.MessagingUnityPlayerActivity t8561} from pid=16265, uid=10563
03-30 19:22:27.097  1308  3010 D OemSceneCallBlock: isCallBlockedWithUidIntent { act=android.intent.action.MAIN cat=[android.intent.category.LAUNCHER] flg=0x10200000 cmp=com.bluemanta.towersofminduir/com.google.firebase.MessagingUnityPlayerActivity }, ResolveInfo{57e2a6c com.bluemanta.towersofminduir/com.google.firebase.MessagingUnityPlayerActivity m=0x0}, false
03-30 19:22:27.097  1308  3010 I ActivityTaskManager: START u0 {act=android.intent.action.MAIN cat=[android.intent.category.LAUNCHER] flg=0x10200000 cmp=com.bluemanta.towersofminduir/com.google.firebase.MessagingUnityPlayerActivity} from uid 10125 pid 30487
03-30 19:22:27.107  1308  3010 D OpQuickReply: setQuickReplyResumed focusedApp AppWindowToken{ee64387 token=Token{bdc37c6 ActivityRecord{3a269a1 u0 com.bluemanta.towersofminduir/com.google.firebase.MessagingUnityPlayerActivity t8561}}} pkgName com.bluemanta.towersofminduir
03-30 19:22:27.122  1308  6418 D OpQuickReply: setQuickReplyResumed focusedApp AppWindowToken{ee64387 token=Token{bdc37c6 ActivityRecord{3a269a1 u0 com.bluemanta.towersofminduir/com.google.firebase.MessagingUnityPlayerActivity t8561}}} pkgName com.bluemanta.towersofminduir
03-30 19:22:27.163 16265 16281 D DecorView: onWindowFocusChangedFromViewRoot hasFocus: true, DecorView@93f36ee[MessagingUnityPlayerActivity]
03-30 19:22:27.180  1308  6418 D ActivityTaskManager: setRequestedOrientation() to 1 for ActivityRecord{3a269a1 u0 com.bluemanta.towersofminduir/com.google.firebase.MessagingUnityPlayerActivity t8561} from pid=16265, uid=10563
03-30 19:22:30.495 11122 11122 D TouchInteractionService: runningTaskInfo: ComponentInfo{com.bluemanta.towersofminduir/com.google.firebase.MessagingUnityPlayerActivity}
03-30 19:22:30.537 11122 30452 D RecentTasksList: dumpTasks# id=8561, cmp=ComponentInfo{com.bluemanta.towersofminduir/com.google.firebase.MessagingUnityPlayerActivity}, uid=0, locked=false, isAppLocked=false
03-30 19:22:30.538 11122 30451 D RecentTasksList: dumpTasks# id=8561, cmp=ComponentInfo{com.bluemanta.towersofminduir/com.google.firebase.MessagingUnityPlayerActivity}, uid=0, locked=false, isAppLocked=false
03-30 19:22:30.549 11122 30452 D RecentTasksList: dumpTasks# id=8561, cmp=ComponentInfo{com.bluemanta.towersofminduir/com.google.firebase.MessagingUnityPlayerActivity}, uid=0, locked=false, isAppLocked=false
03-30 19:22:31.271 11122 11122 D TouchInteractionService: runningTaskInfo: ComponentInfo{com.bluemanta.towersofminduir/com.google.firebase.MessagingUnityPlayerActivity}
03-30 19:22:32.104 11122 30451 D RecentTasksList: dumpTasks# id=8561, cmp=ComponentInfo{com.bluemanta.towersofminduir/com.google.firebase.MessagingUnityPlayerActivity}, uid=0, locked=false, isAppLocked=false
03-30 19:22:32.252 11122 30452 D RecentTasksList: dumpTasks# id=8561, cmp=ComponentInfo{com.bluemanta.towersofminduir/com.google.firebase.MessagingUnityPlayerActivity}, uid=0, locked=false, isAppLocked=false
03-30 19:22:32.789 11122 30451 D RecentTasksList: dumpTasks# id=8561, cmp=ComponentInfo{com.bluemanta.towersofminduir/com.google.firebase.MessagingUnityPlayerActivity}, uid=0, locked=false, isAppLocked=false
03-30 19:22:35.398  1308  7680 D OemSceneCallBlock: isCallBlockedWithUidIntent { act=android.intent.action.MAIN cat=[android.intent.category.LAUNCHER] flg=0x10200000 cmp=com.bluemanta.towersofminduir/com.google.firebase.MessagingUnityPlayerActivity }, ResolveInfo{88e299c com.bluemanta.towersofminduir/com.google.firebase.MessagingUnityPlayerActivity m=0x0}, false
03-30 19:22:35.398  1308  7680 I ActivityTaskManager: START u0 {act=android.intent.action.MAIN cat=[android.intent.category.LAUNCHER] flg=0x10200000 cmp=com.bluemanta.towersofminduir/com.google.firebase.MessagingUnityPlayerActivity} from uid 10125 pid 30487
03-30 19:22:35.404  1308  7680 D OpQuickReply: setQuickReplyResumed focusedApp AppWindowToken{ee64387 token=Token{bdc37c6 ActivityRecord{3a269a1 u0 com.bluemanta.towersofminduir/com.google.firebase.MessagingUnityPlayerActivity t8561}}} pkgName com.bluemanta.towersofminduir
03-30 19:22:35.421  1308  1335 D OpQuickReply: setQuickReplyResumed focusedApp AppWindowToken{ee64387 token=Token{bdc37c6 ActivityRecord{3a269a1 u0 com.bluemanta.towersofminduir/com.google.firebase.MessagingUnityPlayerActivity t8561}}} pkgName com.bluemanta.towersofminduir
03-30 19:22:35.455 16265 16281 D DecorView: onWindowFocusChangedFromViewRoot hasFocus: true, DecorView@93f36ee[MessagingUnityPlayerActivity]
03-30 19:22:35.471  1308  7680 D ActivityTaskManager: setRequestedOrientation() to 1 for ActivityRecord{3a269a1 u0 com.bluemanta.towersofminduir/com.google.firebase.MessagingUnityPlayerActivity t8561} from pid=16265, uid=10563
03-30 19:22:35.474   923  1440 E BufferQueueProducer: [SurfaceView - com.bluemanta.towersofminduir/com.google.firebase.MessagingUnityPlayerActivity#0] disconnect: not connected (req=1)
03-30 19:22:37.734 11122 11122 D TouchInteractionService: runningTaskInfo: ComponentInfo{com.bluemanta.towersofminduir/com.google.firebase.MessagingUnityPlayerActivity}
03-30 19:22:37.814 11122 30452 D RecentTasksList: dumpTasks# id=8561, cmp=ComponentInfo{com.bluemanta.towersofminduir/com.google.firebase.MessagingUnityPlayerActivity}, uid=0, locked=false, isAppLocked=false
03-30 19:22:37.819 11122 30451 D RecentTasksList: dumpTasks# id=8561, cmp=ComponentInfo{com.bluemanta.towersofminduir/com.google.firebase.MessagingUnityPlayerActivity}, uid=0, locked=false, isAppLocked=false
03-30 19:22:37.831 11122 30451 D RecentTasksList: dumpTasks# id=8561, cmp=ComponentInfo{com.bluemanta.towersofminduir/com.google.firebase.MessagingUnityPlayerActivity}, uid=0, locked=false, isAppLocked=false
03-30 19:22:38.384 11122 30452 D RecentTasksList: dumpTasks# id=8561, cmp=ComponentInfo{com.bluemanta.towersofminduir/com.google.firebase.MessagingUnityPlayerActivity}, uid=0, locked=false, isAppLocked=false
03-30 19:22:38.556 11122 30451 D RecentTasksList: dumpTasks# id=8561, cmp=ComponentInfo{com.bluemanta.towersofminduir/com.google.firebase.MessagingUnityPlayerActivity}, uid=0, locked=false, isAppLocked=false
03-30 19:22:38.870 11122 30452 D RecentTasksList: dumpTasks# id=8561, cmp=ComponentInfo{com.bluemanta.towersofminduir/com.google.firebase.MessagingUnityPlayerActivity}, uid=0, locked=false, isAppLocked=false
03-30 19:22:39.676  1308  2049 W InputDispatcher: channel '8379d39 com.bluemanta.towersofminduir/com.google.firebase.MessagingUnityPlayerActivity (server)' ~ Consumer closed input channel or an error occurred.  events=0x9
03-30 19:22:39.676  1308  2049 E InputDispatcher: channel '8379d39 com.bluemanta.towersofminduir/com.google.firebase.MessagingUnityPlayerActivity (server)' ~ Channel is unrecoverably broken and will be disposed!
03-30 19:22:39.678  1308  3421 I WindowManager: WIN DEATH: Window{8379d39 u0 com.bluemanta.towersofminduir/com.google.firebase.MessagingUnityPlayerActivity}
03-30 19:22:39.678  1308  3421 W InputDispatcher: Attempted to unregister already unregistered input channel '8379d39 com.bluemanta.towersofminduir/com.google.firebase.MessagingUnityPlayerActivity (server)'
03-30 19:22:41.865  1308  4692 D OemSceneCallBlock: isCallBlockedWithUidIntent { act=android.intent.action.MAIN cat=[android.intent.category.LAUNCHER] flg=0x10200000 cmp=com.bluemanta.towersofminduir/com.google.firebase.MessagingUnityPlayerActivity }, ResolveInfo{7bc6bdb com.bluemanta.towersofminduir/com.google.firebase.MessagingUnityPlayerActivity m=0x0}, false
03-30 19:22:41.866  1308  4692 I ActivityTaskManager: START u0 {act=android.intent.action.MAIN cat=[android.intent.category.LAUNCHER] flg=0x10200000 cmp=com.bluemanta.towersofminduir/com.google.firebase.MessagingUnityPlayerActivity} from uid 10125 pid 30487
03-30 19:22:41.914  1308  1406 I ActivityManager: Start proc 19208:com.bluemanta.towersofminduir/u0a563 for activity {com.bluemanta.towersofminduir/com.google.firebase.MessagingUnityPlayerActivity}
03-30 19:22:41.926  1308  6422 D OpQuickReply: setQuickReplyResumed focusedApp AppWindowToken{8603db6 token=Token{f9c1151 ActivityRecord{a78d678 u0 com.bluemanta.towersofminduir/com.google.firebase.MessagingUnityPlayerActivity t8564}}} pkgName com.bluemanta.towersofminduir
03-30 19:22:42.054 19208 19230 D DecorView: onWindowFocusChangedFromViewRoot hasFocus: true, DecorView@cbb178f[MessagingUnityPlayerActivity]
03-30 19:22:42.080  1308  1404 I ActivityTaskManager: Displayed com.bluemanta.towersofminduir/com.google.firebase.MessagingUnityPlayerActivity: +212ms
03-30 19:22:42.120 19208 19235 I Unity   : SystemInfo CPU = ARM64 FP ASIMD AES, Cores = 8, Memory = 7636mb
03-30 19:22:42.120 19208 19235 I Unity   : SystemInfo ARM big.LITTLE configuration: 4 big (mask: 0xf0), 4 little (mask: 0xf)
03-30 19:22:42.121 19208 19235 I Unity   : ApplicationInfo com.bluemanta.towersofminduir version 1.0.2 build ecc51a5f-a8ba-4c93-8022-4b7ff825e94f
03-30 19:22:42.121 19208 19235 I Unity   : Built from '2020.1/staging' branch, Version '2020.1.17f1 (9957aee8edc2)', Build type 'Release', Scripting Backend 'il2cpp', CPU 'arm64-v8a', Stripping 'Enabled'
03-30 19:22:42.250  1308  3421 D ActivityTaskManager: setRequestedOrientation() to 1 for ActivityRecord{a78d678 u0 com.bluemanta.towersofminduir/com.google.firebase.MessagingUnityPlayerActivity t8564} from pid=19208, uid=10563
03-30 19:22:42.275  1308  3421 D ActivityTaskManager: setRequestedOrientation() to 1 for ActivityRecord{a78d678 u0 com.bluemanta.towersofminduir/com.google.firebase.MessagingUnityPlayerActivity t8564} from pid=19208, uid=10563
03-30 19:22:42.487  1308  3421 D ActivityTaskManager: setRequestedOrientation() to 1 for ActivityRecord{a78d678 u0 com.bluemanta.towersofminduir/com.google.firebase.MessagingUnityPlayerActivity t8564} from pid=19208, uid=10563
03-30 19:22:42.527  1308  4692 D ActivityTaskManager: setRequestedOrientation() to 1 for ActivityRecord{a78d678 u0 com.bluemanta.towersofminduir/com.google.firebase.MessagingUnityPlayerActivity t8564} from pid=19208, uid=10563
03-30 19:22:44.697 19208 19235 I Unity   : Started analytics integration
03-30 19:22:44.697 19208 19235 I Unity   : Pandora.AnalyticsSingleton:get_Instance()
03-30 19:22:44.697 19208 19235 I Unity   : Pandora.UI.Login.LoginButton:Start()
03-30 19:22:44.697 19208 19235 I Unity   :  
03-30 19:22:44.697 19208 19235 I Unity   : (Filename: ./Runtime/Export/Debug/Debug.bindings.h Line: 35)
03-30 19:22:44.697 19208 19235 I Unity   : 
03-30 19:22:44.704 19208 19235 I Unity   : Tracking login_scene, result is Ok
03-30 19:22:44.704 19208 19235 I Unity   : Pandora.AnalyticsSingleton:TrackEvent(String, Dictionary`2)
03-30 19:22:44.704 19208 19235 I Unity   : Pandora.UI.Login.LoginButton:Start()
03-30 19:22:44.704 19208 19235 I Unity   :  
03-30 19:22:44.704 19208 19235 I Unity   : (Filename: ./Runtime/Export/Debug/Debug.bindings.h Line: 35)
03-30 19:22:44.704 19208 19235 I Unity   : 
03-30 19:22:44.713 19208 19235 I Unity   : Starting Auth with token client.
03-30 19:22:44.713 19208 19235 I Unity   : GooglePlayGames.Android.AndroidClient:Authenticate(Boolean, Action`1)
03-30 19:22:44.713 19208 19235 I Unity   : GooglePlayGames.PlayGamesPlatform:Authenticate(SignInInteractivity, Action`1)
03-30 19:22:44.713 19208 19235 I Unity   : Pandora.Network.PlayGames:ClientAuthentication()
03-30 19:22:44.713 19208 19235 I Unity   : Pandora.Network.<>c__DisplayClass5_0:<ClientAuthentication>b__0(SignInStatus)
03-30 19:22:44.713 19208 19235 I Unity   : Pandora.Network.PlayGames:Authenticate()
03-30 19:22:44.713 19208 19235 I Unity   : Pandora.Messages.<>c:<.cctor>b__25_0()
03-30 19:22:44.713 19208 19235 I Unity   : Pandora.UI.Login.LoginButton:PlayGamesAuthentication()
03-30 19:22:44.713 19208 19235 I Unity   : Pandora.UI.Login.LoginButton:Start()
03-30 19:22:44.713 19208 19235 I Unity   :  
03-30 19:22:44.713 19208 19235 I Unity   : (Filename: ./Runtime/Export/Debug/Debug.bindings.h Line: 35)
03-30 19:22:44.713 19208 19235 I Unity   : 
03-30 19:22:45.013 19208 19235 I Unity   :  [Play Games Plugin 0.10.11] 03/30/21 19:22:44 +02:00 DEBUG: Activating PlayGamesPlatform.
03-30 19:22:45.013 19208 19235 I Unity   : System.Action:Invoke()
03-30 19:22:45.013 19208 19235 I Unity   : GooglePlayGames.OurUtils.PlayGamesHelperObject:Update()
03-30 19:22:45.013 19208 19235 I Unity   :  
03-30 19:22:45.013 19208 19235 I Unity   : (Filename: ./Runtime/Export/Debug/Debug.bindings.h Line: 35)
03-30 19:22:45.013 19208 19235 I Unity   : 
03-30 19:22:45.014 19208 19235 I Unity   :  [Play Games Plugin 0.10.11] 03/30/21 19:22:45 +02:00 DEBUG: PlayGamesPlatform activated: GooglePlayGames.PlayGamesPlatform
03-30 19:22:45.014 19208 19235 I Unity   : System.Action:Invoke()
03-30 19:22:45.014 19208 19235 I Unity   : GooglePlayGames.OurUtils.PlayGamesHelperObject:Update()
03-30 19:22:45.014 19208 19235 I Unity   :  
03-30 19:22:45.014 19208 19235 I Unity   : (Filename: ./Runtime/Export/Debug/Debug.bindings.h Line: 35)
03-30 19:22:45.014 19208 19235 I Unity   : 
03-30 19:22:45.014 19208 19235 I Unity   :  [Play Games Plugin 0.10.11] 03/30/21 19:22:45 +02:00 DEBUG: Creating platform-specific Play Games client.
03-30 19:22:45.014 19208 19235 I Unity   : System.Action:Invoke()
03-30 19:22:45.014 19208 19235 I Unity   : GooglePlayGames.OurUtils.PlayGamesHelperObject:Update()
03-30 19:22:45.014 19208 19235 I Unity   :  
03-30 19:22:45.014 19208 19235 I Unity   : (Filename: ./Runtime/Export/Debug/Debug.bindings.h Line: 35)
03-30 19:22:45.014 19208 19235 I Unity   : 
03-30 19:22:45.015 19208 19235 I Unity   :  [Play Games Plugin 0.10.11] 03/30/21 19:22:45 +02:00 DEBUG: Creating Android IPlayGamesClient Client
03-30 19:22:45.015 19208 19235 I Unity   : System.Action:Invoke()
03-30 19:22:45.015 19208 19235 I Unity   : GooglePlayGames.OurUtils.PlayGamesHelperObject:Update()
03-30 19:22:45.015 19208 19235 I Unity   :  
03-30 19:22:45.015 19208 19235 I Unity   : (Filename: ./Runtime/Export/Debug/Debug.bindings.h Line: 35)
03-30 19:22:45.015 19208 19235 I Unity   : 
03-30 19:22:45.509 19208 19235 I Unity   : The Locale 'it-IT' is not available, however the parent locale 'it' is available.
03-30 19:22:45.509 19208 19235 I Unity   : UnityEngine.Localization.Settings.SystemLocaleSelector:GetStartupLocale(ILocalesProvider)
03-30 19:22:45.509 19208 19235 I Unity   : UnityEngine.Localization.Settings.LocalizationSettings:SelectLocale()
03-30 19:22:45.509 19208 19235 I Unity   : UnityEngine.Localization.Settings.LocalizationSettings:GetSelectedLocale()
03-30 19:22:45.509 19208 19235 I Unity   : UnityEngine.Localization.Settings.LocalizationSettings:<GetSelectedLocaleAsync>b__58_0(AsyncOperationHandle)
03-30 19:22:45.509 19208 19235 I Unity   : System.Func`2:Invoke(T)
03-30 19:22:45.509 19208 19235 I Unity   : UnityEngine.ResourceManagement.ChainOperationTypelessDepedency`1:Execute()
03-30 19:22:45.509 19208 19235 I Unity   : UnityEngine.ResourceManagement.AsyncOperations.AsyncOperationBase`1:InvokeExecute()
03-30 19:22:45.509 19208 19235 I Unity   : System.Action`1:Invoke(T)
03-30 19:22:45.509 19208 19235 I Unity   : UnityEngine.ResourceManagement.AsyncOperations.<>c__DisplayClass55_0:<add_CompletedTypeless>b__0(AsyncOperationHandle`1)
03-30 19:22:45.509 19208 19235 I Unity   : System.Action`1:Invoke(T)
03-30 19:22:45.509 19208 19235 I Unity   : DelegateList`1:Invoke(T)
03-30 19:22:45.509 19208 19235 I Unity   : UnityEngine.ResourceManagement.AsyncOperations.AsyncOperationBase`1:InvokeCompletionEvent()
03-30 19:22:45.509 19208 19235 I Unity   : UnityEngine.ResourceManagement.AsyncOperations.AsyncOperationBase`1:Complete(TObject, Boolean, String, Boolean)
03-30 19:22:45.509 19208 19235 I Unity   : System.Actio
03-30 19:22:46.370 19208 19235 I Unity   : Obtained server auth code: 4/0AY0e-g71sLBzHJsdZX5U-2KHUlD4c_DmoSoYv0XmIL0NVYmmK0Ery8f2ITgplzoKvY-Pnw
03-30 19:22:46.370 19208 19235 I Unity   : Pandora.Network.<>c__DisplayClass5_0:<ClientAuthentication>b__0(SignInStatus)
03-30 19:22:46.370 19208 19235 I Unity   : System.Action:Invoke()
03-30 19:22:46.370 19208 19235 I Unity   : System.Action`1:Invoke(T)
03-30 19:22:46.370 19208 19235 I Unity   : DG.Tweening.Core.TweenerCore`3:ApplyTween(Single, Int32, Int32, Boolean, UpdateMode, UpdateNotice)
03-30 19:22:46.370 19208 19235 I Unity   : System.Action`1:Invoke(T)
03-30 19:22:46.370 19208 19235 I Unity   : System.Action`1:Invoke(T)
03-30 19:22:46.370 19208 19235 I Unity   : System.Action:Invoke()
03-30 19:22:46.370 19208 19235 I Unity   : GooglePlayGames.OurUtils.PlayGamesHelperObject:Update()
03-30 19:22:46.370 19208 19235 I Unity   :  
03-30 19:22:46.370 19208 19235 I Unity   : (Filename: ./Runtime/Export/Debug/Debug.bindings.h Line: 35)
03-30 19:22:46.370 19208 19235 I Unity   : 
03-30 19:22:46.406 19208 19235 I Unity   : Executing POST http://pandora.bluemanta.games:8080/api/users/googleSignIn
03-30 19:22:46.406 19208 19235 I Unity   : Pandora.Network.ApiControllerSingleton:ExecuteApiRequest(RestRequest, String)
03-30 19:22:46.406 19208 19235 I Unity   : Pandora.Network.<>c__DisplayClass5_0:<ClientAuthentication>b__0(SignInStatus)
03-30 19:22:46.406 19208 19235 I Unity   : System.Action:Invoke()
03-30 19:22:46.406 19208 19235 I Unity   : System.Action`1:Invoke(T)
03-30 19:22:46.406 19208 19235 I Unity   : DG.Tweening.Core.TweenerCore`3:ApplyTween(Single, Int32, Int32, Boolean, UpdateMode, UpdateNotice)
03-30 19:22:46.406 19208 19235 I Unity   : System.Action`1:Invoke(T)
03-30 19:22:46.406 19208 19235 I Unity   : System.Action`1:Invoke(T)
03-30 19:22:46.406 19208 19235 I Unity   : System.Action:Invoke()
03-30 19:22:46.406 19208 19235 I Unity   : GooglePlayGames.OurUtils.PlayGamesHelperObject:Update()
03-30 19:22:46.406 19208 19235 I Unity   :  
03-30 19:22:46.406 19208 19235 I Unity   : (Filename: ./Runtime/Export/Debug/Debug.bindings.h Line: 35)
03-30 19:22:46.406 19208 19235 I Unity   : 
03-30 19:22:46.406 19208 19235 I Unity   : Connecting to API gateway: http://pandora.bluemanta.games:8080/api
03-30 19:22:46.406 19208 19235 I Unity   : Pandora.Network.ApiControllerSingleton:get_client()
03-30 19:22:46.406 19208 19235 I Unity   : Pandora.Network.ApiControllerSingleton:ExecuteApiRequest(RestRequest, String)
03-30 19:22:46.406 19208 19235 I Unity   : Pandora.Network.<>c__DisplayClass5_0:<ClientAuthentication>b__0(SignInStatus)
03-30 19:22:46.406 19208 19235 I Unity   : System.Action:Invoke()
03-30 19:22:46.406 19208 19235 I Unity   : System.Action`1:Invoke(T)
03-30 19:22:46.406 19208 19235 I Unity   : DG.Tweening.Core.TweenerCore`3:ApplyTween(Single, Int32, Int32, Boolean, UpdateMode, UpdateNotice)
03-30 19:22:46.406 19208 19235 I Unity   : System.Action`1:Invoke(T)
03-30 19:22:46.406 19208 19235 I Unity   : System.Action`1:Invoke(T)
03-30 19:22:46.406 19208 19235 I Unity   : System.Action:Invoke()
03-30 19:22:46.406 19208 19235 I Unity   : GooglePlayGames.OurUtils.PlayGamesHelperObject:Update()
03-30 19:22:46.406 19208 19235 I Unity   :  
03-30 19:22:46.406 19208 19235 I Unity   : (Filename: ./Runtime/Export/Debug/Debug.bindings.h Line: 35)
03-30 19:22:46.406 19208 19235 I Unity   : 
03-30 19:22:46.414 19208 19235 I Unity   : Serializing using Unity serializer: {"token":"4/0AY0e-g71sLBzHJsdZX5U-2KHUlD4c_DmoSoYv0XmIL0NVYmmK0Ery8f2ITgplzoKvY-Pnw"}
03-30 19:22:46.414 19208 19235 I Unity   : UnityJsonSerializer:UnitySerialize(Object)
03-30 19:22:46.414 19208 19235 I Unity   : RestSharp.RestRequestExtensions:AddBody(IHttp, IEnumerable`1, IDictionary`2, ISerializer[])
03-30 19:22:46.414 19208 19235 I Unity   : RestSharp.RestClient:ConfigureHttp(IRestRequest)
03-30 19:22:46.414 19208 19235 I Unity   : RestSharp.RestClient:ExecuteAsync(IRestRequest, Action`2, String, Func`4)
03-30 19:22:46.414 19208 19235 I Unity   : RestSharp.RestClient:ExecuteAsync(IRestRequest, Action`2, Method)
03-30 19:22:46.414 19208 19235 I Unity   : RestSharp.RestClient:ExecuteTaskAsync(IRestRequest, CancellationToken)
03-30 19:22:46.414 19208 19235 I Unity   : Pandora.Network.ApiControllerSingleton:ExecuteApiRequest(RestRequest, String)
03-30 19:22:46.414 19208 19235 I Unity   : Pandora.Network.<>c__DisplayClass5_0:<ClientAuthentication>b__0(SignInStatus)
03-30 19:22:46.414 19208 19235 I Unity   : System.Action:Invoke()
03-30 19:22:46.414 19208 19235 I Unity   : System.Action`1:Invoke(T)
03-30 19:22:46.414 19208 19235 I Unity   : DG.Tweening.Core.TweenerCore`3:ApplyTween(Single, Int32, Int32, Boolean, UpdateMode, UpdateNotice)
03-30 19:22:46.414 19208 19235 I Unity   : System.Action`1:Invoke(T)
03-30 19:22:46.414 19208 19235 I Unity   : System.Action`1:Invoke(T)
03-30 19:22:46.414 19208 19235 I Unity   : System.Action:Invoke()
03-30 19:22:46.414 19208 19235 I Unity   : GooglePlayGames.OurUtils.PlayGamesHelperObject:Update()
03-30 19:22:46.414 19208 19235 I Unity   :  
03-30 19:22:46.414 19208 19235 I Unity   : (Filename: ./Runtime/Export/Debug/Debug.bindings.h Line: 35)
03-30 19:22:46.414 19208 19235 I Unity   : 
03-30 19:22:46.431 19208 19235 I Unity   :  [Play Games Plugin 0.10.11] 03/30/21 19:22:46 +02:00 DEBUG: Authentication succeeded
03-30 19:22:46.431 19208 19235 I Unity   : System.Action:Invoke()
03-30 19:22:46.431 19208 19235 I Unity   : GooglePlayGames.OurUtils.PlayGamesHelperObject:Update()
03-30 19:22:46.431 19208 19235 I Unity   :  
03-30 19:22:46.431 19208 19235 I Unity   : (Filename: ./Runtime/Export/Debug/Debug.bindings.h Line: 35)
03-30 19:22:46.431 19208 19235 I Unity   : 
03-30 19:22:46.432 19208 19235 I Unity   :  [Play Games Plugin 0.10.11] 03/30/21 19:22:46 +02:00 DEBUG: Successful, triggering callback
03-30 19:22:46.432 19208 19235 I Unity   : System.Action:Invoke()
03-30 19:22:46.432 19208 19235 I Unity   : GooglePlayGames.OurUtils.PlayGamesHelperObject:Update()
03-30 19:22:46.432 19208 19235 I Unity   :  
03-30 19:22:46.432 19208 19235 I Unity   : (Filename: ./Runtime/Export/Debug/Debug.bindings.h Line: 35)
03-30 19:22:46.432 19208 19235 I Unity   : 
03-30 19:22:47.140 19208 19290 I Unity   : Deserializing using Unity serializer: {"token":"eyJ0eXAiOiJKV1QiLCJhbGciOiJIUzI1NiJ9.eyJleHAiOjE2MTc5ODg5NjcsImp0aSI6IjEzNzJkNDRiMDk4ZTZhYmM4N2MyODNjNGJlZDA2NGIzIiwicGF5bG9hZCI6eyJ1c2VySWQiOjIwfX0.WCvF1PETSUVtxDd6H7w3l9UZaM6vSs-ryB3UeCDYZsI"}
03-30 19:22:47.140 19208 19290 I Unity   : UnityJsonSerializer:UnityDeserialize(String)
03-30 19:22:47.140 19208 19290 I Unity   : RestSharp.RestClient:Deserialize(IRestRequest, IRestResponse)
03-30 19:22:47.140 19208 19290 I Unity   : RestSharp.RestClient:DeserializeResponse(IRestRequest, Action`2, IRestResponse, RestRequestAsyncHandle)
03-30 19:22:47.140 19208 19290 I Unity   : System.Action`2:Invoke(T1, T2)
03-30 19:22:47.140 19208 19290 I Unity   : System.Action`1:Invoke(T)
03-30 19:22:47.140 19208 19290 I Unity   : System.Action`1:Invoke(T)
03-30 19:22:47.140 19208 19290 I Unity   : RestSharp.Http:GetRawResponseAsync(IAsyncResult, Action`1)
03-30 19:22:47.140 19208 19290 I Unity   : RestSharp.Http:ResponseCallback(IAsyncResult, Action`1)
03-30 19:22:47.140 19208 19290 I Unity   : System.AsyncCallback:Invoke(IAsyncResult)
03-30 19:22:47.140 19208 19290 I Unity   : System.Action:Invoke()
03-30 19:22:47.140 19208 19290 I Unity   : System.Threading.ContextCallback:Invoke(Object)
03-30 19:22:47.140 19208 19290 I Unity   : System.Threading.ExecutionContext:RunInternal(ExecutionContext, ContextCallback, Object, Boolean)
03-30 19:22:47.140 19208 19290 I Unity   : System.Threading.Tasks.AwaitTaskContinuation:RunCallback(ContextCallback, Object, Task&)
03-30 19:22:47.140 19208 19290 I Unity   : System.Threading.Tasks.Task:FinishContinuations()
03-30 19:22:47.140 19208 19290 I Unity   : System.Threading.Task
03-30 19:22:47.143 19208 19288 I Unity   : Response: {"token":"eyJ0eXAiOiJKV1QiLCJhbGciOiJIUzI1NiJ9.eyJleHAiOjE2MTc5ODg5NjcsImp0aSI6IjEzNzJkNDRiMDk4ZTZhYmM4N2MyODNjNGJlZDA2NGIzIiwicGF5bG9hZCI6eyJ1c2VySWQiOjIwfX0.WCvF1PETSUVtxDd6H7w3l9UZaM6vSs-ryB3UeCDYZsI"}
03-30 19:22:47.143 19208 19288 I Unity   : Pandora.Network.ApiControllerSingleton:<ExecuteApiRequest>b__11_0(Task`1)
03-30 19:22:47.143 19208 19288 I Unity   : System.Func`2:Invoke(T)
03-30 19:22:47.143 19208 19288 I Unity   : System.Threading.Tasks.ContinuationResultTaskFromResultTask`2:InnerInvoke()
03-30 19:22:47.143 19208 19288 I Unity   : System.Threading.Tasks.Task:Execute()
03-30 19:22:47.143 19208 19288 I Unity   : System.Threading.ContextCallback:Invoke(Object)
03-30 19:22:47.143 19208 19288 I Unity   : System.Threading.ExecutionContext:RunInternal(ExecutionContext, ContextCallback, Object, Boolean)
03-30 19:22:47.143 19208 19288 I Unity   : System.Threading.Tasks.Task:ExecuteWithThreadLocal(Task&)
03-30 19:22:47.143 19208 19288 I Unity   : System.Threading.Tasks.Task:ExecuteEntry(Boolean)
03-30 19:22:47.143 19208 19288 I Unity   : System.Threading.ThreadPoolWorkQueue:Dispatch()
03-30 19:22:47.143 19208 19288 I Unity   :  
03-30 19:22:47.143 19208 19288 I Unity   : (Filename: ./Runtime/Export/Debug/Debug.bindings.h Line: 35)
03-30 19:22:47.143 19208 19288 I Unity   : 
03-30 19:22:47.156 19208 19235 I Unity   : Logged in successfully with the token: eyJ0eXAiOiJKV1QiLCJhbGciOiJIUzI1NiJ9.eyJleHAiOjE2MTc5ODg5NjcsImp0aSI6IjEzNzJkNDRiMDk4ZTZhYmM4N2MyODNjNGJlZDA2NGIzIiwicGF5bG9hZCI6eyJ1c2VySWQiOjIwfX0.WCvF1PETSUVtxDd6H7w3l9UZaM6vSs-ryB3UeCDYZsI
03-30 19:22:47.156 19208 19235 I Unity   : Pandora.Network.<>c__DisplayClass5_0:<ClientAuthentication>b__0(SignInStatus)
03-30 19:22:47.156 19208 19235 I Unity   : System.Action:Invoke()
03-30 19:22:47.156 19208 19235 I Unity   : System.Threading.SendOrPostCallback:Invoke(Object)
03-30 19:22:47.156 19208 19235 I Unity   : UnityEngine.<>c:<RegisterUECatcher>b__0_0(Object, UnhandledExceptionEventArgs)
03-30 19:22:47.156 19208 19235 I Unity   : UnityEngine.UnitySynchronizationContext:Exec()
03-30 19:22:47.156 19208 19235 I Unity   :  
03-30 19:22:47.156 19208 19235 I Unity   : (Filename: ./Runtime/Export/Debug/Debug.bindings.h Line: 35)
03-30 19:22:47.156 19208 19235 I Unity   : 
03-30 19:22:47.167 19208 19235 I Unity   : Tracking login, result is Ok
03-30 19:22:47.167 19208 19235 I Unity   : Pandora.AnalyticsSingleton:TrackEvent(String, Dictionary`2)
03-30 19:22:47.167 19208 19235 I Unity   : Pandora.Messages.<>c:<.cctor>b__25_0()
03-30 19:22:47.167 19208 19235 I Unity   : System.Action:Invoke()
03-30 19:22:47.167 19208 19235 I Unity   : System.Action`1:Invoke(T)
03-30 19:22:47.167 19208 19235 I Unity   : DG.Tweening.Core.TweenerCore`3:ApplyTween(Single, Int32, Int32, Boolean, UpdateMode, UpdateNotice)
03-30 19:22:47.167 19208 19235 I Unity   : Pandora.Network.<>c__DisplayClass5_0:<ClientAuthentication>b__0(SignInStatus)
03-30 19:22:47.167 19208 19235 I Unity   : System.Action:Invoke()
03-30 19:22:47.167 19208 19235 I Unity   : System.Threading.SendOrPostCallback:Invoke(Object)
03-30 19:22:47.167 19208 19235 I Unity   : UnityEngine.<>c:<RegisterUECatcher>b__0_0(Object, UnhandledExceptionEventArgs)
03-30 19:22:47.167 19208 19235 I Unity   : UnityEngine.UnitySynchronizationContext:Exec()
03-30 19:22:47.167 19208 19235 I Unity   :  
03-30 19:22:47.167 19208 19235 I Unity   : (Filename: ./Runtime/Export/Debug/Debug.bindings.h Line: 35)
03-30 19:22:47.167 19208 19235 I Unity   : 
03-30 19:22:47.390 19208 19235 I Unity   : [LoadingBehaviour] Loading user info...
03-30 19:22:47.390 19208 19235 I Unity   : Pandora.Messages.<>c:<.cctor>b__25_0()
03-30 19:22:47.390 19208 19235 I Unity   : System.Action:Invoke()
03-30 19:22:47.390 19208 19235 I Unity   : System.Action`1:Invoke(T)
03-30 19:22:47.390 19208 19235 I Unity   : DG.Tweening.Core.TweenerCore`3:ApplyTween(Single, Int32, Int32, Boolean, UpdateMode, UpdateNotice)
03-30 19:22:47.390 19208 19235 I Unity   : System.Action`2:Invoke(T1, T2)
03-30 19:22:47.390 19208 19235 I Unity   : System.Threading.Tasks.Task:Execute()
03-30 19:22:47.390 19208 19235 I Unity   : System.Threading.ContextCallback:Invoke(Object)
03-30 19:22:47.390 19208 19235 I Unity   : System.Threading.ExecutionContext:RunInternal(ExecutionContext, ContextCallback, Object, Boolean)
03-30 19:22:47.390 19208 19235 I Unity   : System.Threading.Tasks.Task:ExecuteWithThreadLocal(Task&)
03-30 19:22:47.390 19208 19235 I Unity   : System.Threading.Tasks.Task:ExecuteEntry(Boolean)
03-30 19:22:47.390 19208 19235 I Unity   : System.Threading.SendOrPostCallback:Invoke(Object)
03-30 19:22:47.390 19208 19235 I Unity   : UnityEngine.<>c:<RegisterUECatcher>b__0_0(Object, UnhandledExceptionEventArgs)
03-30 19:22:47.390 19208 19235 I Unity   : UnityEngine.UnitySynchronizationContext:Exec()
03-30 19:22:47.390 19208 19235 I Unity   :  
03-30 19:22:47.390 19208 19235 I Unity   : (Filename: ./Runtime/Export/Debug/Debug.bindings.h Line: 35)
03-30 19:22:47.390 19208 19235 I Unity   : 
03-30 19:22:47.393 19208 19235 I Unity   : Executing GET http://pandora.bluemanta.games:8080/api/users/me
03-30 19:22:47.393 19208 19235 I Unity   : Pandora.Network.ApiControllerSingleton:ExecuteApiRequest(RestRequest, String)
03-30 19:22:47.393 19208 19235 I Unity   : Pandora.Messages.<>c:<.cctor>b__25_0()
03-30 19:22:47.393 19208 19235 I Unity   : Pandora.LoadingBehaviour:LoadUserInfo()
03-30 19:22:47.393 19208 19235 I Unity   : Pandora.Messages.<>c:<.cctor>b__25_0()
03-30 19:22:47.393 19208 19235 I Unity   : System.Action:Invoke()
03-30 19:22:47.393 19208 19235 I Unity   : System.Action`1:Invoke(T)
03-30 19:22:47.393 19208 19235 I Unity   : DG.Tweening.Core.TweenerCore`3:ApplyTween(Single, Int32, Int32, Boolean, UpdateMode, UpdateNotice)
03-30 19:22:47.393 19208 19235 I Unity   : System.Action`2:Invoke(T1, T2)
03-30 19:22:47.393 19208 19235 I Unity   : System.Threading.Tasks.Task:Execute()
03-30 19:22:47.393 19208 19235 I Unity   : System.Threading.ContextCallback:Invoke(Object)
03-30 19:22:47.393 19208 19235 I Unity   : System.Threading.ExecutionContext:RunInternal(ExecutionContext, ContextCallback, Object, Boolean)
03-30 19:22:47.393 19208 19235 I Unity   : System.Threading.Tasks.Task:ExecuteWithThreadLocal(Task&)
03-30 19:22:47.393 19208 19235 I Unity   : System.Threading.Tasks.Task:ExecuteEntry(Boolean)
03-30 19:22:47.393 19208 19235 I Unity   : System.Threading.SendOrPostCallback:Invoke(Object)
03-30 19:22:47.393 19208 19235 I Unity   : UnityEngine.<>c:<RegisterUECatcher>b__0_0(Object, UnhandledExceptionEventArgs)
03-30 19:22:47.393 19208 19235 I Unity   : UnityEngine.UnitySynchronizationContext:Exec()
03-30 19:22:47.393 19208 19235 I Unity   :  
03-30 19:22:47.393 19208 19235 I Unity   : (Filename: ./Runtime/Export/Debug/Debug.bindings.h Line: 35)
03-30 19:22:47.393 19208 19235 I Unity   : 
03-30 19:22:47.497 19208 19288 I Unity   : Deserializing using Unity serializer: {"user":{"id":20,"username":"SirStoke#20","activeDeckSlot":55},"deckSlots":[{"id":55,"deck":["Ranger","Clerics","Harpies","Fireball","Mermaids","Cockatrice"]},{"id":56,"deck":null},{"id":57,"deck":null}]}
03-30 19:22:47.497 19208 19288 I Unity   : UnityJsonSerializer:UnityDeserialize(String)
03-30 19:22:47.497 19208 19288 I Unity   : RestSharp.RestClient:Deserialize(IRestRequest, IRestResponse)
03-30 19:22:47.497 19208 19288 I Unity   : RestSharp.RestClient:DeserializeResponse(IRestRequest, Action`2, IRestResponse, RestRequestAsyncHandle)
03-30 19:22:47.497 19208 19288 I Unity   : System.Action`2:Invoke(T1, T2)
03-30 19:22:47.497 19208 19288 I Unity   : System.Action`1:Invoke(T)
03-30 19:22:47.497 19208 19288 I Unity   : System.Action`1:Invoke(T)
03-30 19:22:47.497 19208 19288 I Unity   : RestSharp.Http:GetRawResponseAsync(IAsyncResult, Action`1)
03-30 19:22:47.497 19208 19288 I Unity   : RestSharp.Http:ResponseCallback(IAsyncResult, Action`1)
03-30 19:22:47.497 19208 19288 I Unity   : System.AsyncCallback:Invoke(IAsyncResult)
03-30 19:22:47.497 19208 19288 I Unity   : System.Action:Invoke()
03-30 19:22:47.497 19208 19288 I Unity   : System.Threading.ContextCallback:Invoke(Object)
03-30 19:22:47.497 19208 19288 I Unity   : System.Threading.ExecutionContext:RunInternal(ExecutionContext, ContextCallback, Object, Boolean)
03-30 19:22:47.497 19208 19288 I Unity   : System.Threading.Tasks.AwaitTaskContinuation:RunCallback(ContextCallback, Object, Task&)
03-30 19:22:47.497 19208 19288 I Unity   : System.Threading.Tasks.Task:FinishContinuations()
03-30 19:22:47.497 19208 19288 I Unity   : System.Threading.Task
03-30 19:22:47.524 19208 19235 I Unity   : Response: {"user":{"id":20,"username":"SirStoke#20","activeDeckSlot":55},"deckSlots":[{"id":55,"deck":["Ranger","Clerics","Harpies","Fireball","Mermaids","Cockatrice"]},{"id":56,"deck":null},{"id":57,"deck":null}]}
03-30 19:22:47.524 19208 19235 I Unity   : Pandora.Network.ApiControllerSingleton:<ExecuteApiRequest>b__11_0(Task`1)
03-30 19:22:47.524 19208 19235 I Unity   : System.Func`2:Invoke(T)
03-30 19:22:47.524 19208 19235 I Unity   : System.Threading.Tasks.ContinuationResultTaskFromResultTask`2:InnerInvoke()
03-30 19:22:47.524 19208 19235 I Unity   : System.Threading.Tasks.Task:Execute()
03-30 19:22:47.524 19208 19235 I Unity   : System.Threading.ContextCallback:Invoke(Object)
03-30 19:22:47.524 19208 19235 I Unity   : System.Threading.ExecutionContext:RunInternal(ExecutionContext, ContextCallback, Object, Boolean)
03-30 19:22:47.524 19208 19235 I Unity   : System.Threading.Tasks.Task:ExecuteWithThreadLocal(Task&)
03-30 19:22:47.524 19208 19235 I Unity   : System.Threading.Tasks.Task:ExecuteEntry(Boolean)
03-30 19:22:47.524 19208 19235 I Unity   : System.Threading.SendOrPostCallback:Invoke(Object)
03-30 19:22:47.524 19208 19235 I Unity   : UnityEngine.<>c:<RegisterUECatcher>b__0_0(Object, UnhandledExceptionEventArgs)
03-30 19:22:47.524 19208 19235 I Unity   : UnityEngine.UnitySynchronizationContext:Exec()
03-30 19:22:47.524 19208 19235 I Unity   :  
03-30 19:22:47.524 19208 19235 I Unity   : (Filename: ./Runtime/Export/Debug/Debug.bindings.h Line: 35)
03-30 19:22:47.524 19208 19235 I Unity   : 
03-30 19:22:47.525 19208 19235 I Unity   : [LoadingBehaviour] Loading the home scene...
03-30 19:22:47.525 19208 19235 I Unity   : Pandora.Messages.<>c:<.cctor>b__25_0()
03-30 19:22:47.525 19208 19235 I Unity   : System.Action:Invoke()
03-30 19:22:47.525 19208 19235 I Unity   : System.Action`1:Invoke(T)
03-30 19:22:47.525 19208 19235 I Unity   : DG.Tweening.Core.TweenerCore`3:ApplyTween(Single, Int32, Int32, Boolean, UpdateMode, UpdateNotice)
03-30 19:22:47.525 19208 19235 I Unity   : Pandora.Messages.<>c:<.cctor>b__25_0()
03-30 19:22:47.525 19208 19235 I Unity   : System.Action:Invoke()
03-30 19:22:47.525 19208 19235 I Unity   : System.Threading.ContextCallback:Invoke(Object)
03-30 19:22:47.525 19208 19235 I Unity   : System.Threading.Tasks.AwaitTaskContinuation:RunCallback(ContextCallback, Object, Task&)
03-30 19:22:47.525 19208 19235 I Unity   : System.Threading.Tasks.Task:FinishContinuations()
03-30 19:22:47.525 19208 19235 I Unity   : System.Threading.Tasks.Task:Finish(Boolean)
03-30 19:22:47.525 19208 19235 I Unity   : System.Threading.Tasks.Task:ExecuteWithThreadLocal(Task&)
03-30 19:22:47.525 19208 19235 I Unity   : System.Threading.Tasks.Task:ExecuteEntry(Boolean)
03-30 19:22:47.525 19208 19235 I Unity   : System.Threading.SendOrPostCallback:Invoke(Object)
03-30 19:22:47.525 19208 19235 I Unity   : UnityEngine.<>c:<RegisterUECatcher>b__0_0(Object, UnhandledExceptionEventArgs)
03-30 19:22:47.525 19208 19235 I Unity   : UnityEngine.UnitySynchronizationContext:Exec()
03-30 19:22:47.525 19208 19235 I Unity   :  
03-30 19:22:47.525 19208 19235 I Unity   : (Filename: ./Runtime/Export/Debug/Debug.bindings.h Line: 35)
03-30 19:22:47.525 19208 19235 I Unity   : 
03-30 19:22:48.341 19208 19235 I Unity   : Loading deck 55
03-30 19:22:48.341 19208 19235 I Unity   : Pandora.Deck.UI.DeckSpotParentBehaviour:LoadSavedDeck(Int64)
03-30 19:22:48.341 19208 19235 I Unity   : DeckSlotParentBehaviour:Setup()
03-30 19:22:48.341 19208 19235 I Unity   : DeckSlotParentBehaviour:Awake()
03-30 19:22:48.341 19208 19235 I Unity   :  
03-30 19:22:48.341 19208 19235 I Unity   : (Filename: ./Runtime/Export/Debug/Debug.bindings.h Line: 35)
03-30 19:22:48.341 19208 19235 I Unity   : 
03-30 19:22:48.366 19208 19235 I Unity   : [LoadingBehaviour] Loading complete, exiting!
03-30 19:22:48.366 19208 19235 I Unity   : Pandora.Messages.<>c:<.cctor>b__25_0()
03-30 19:22:48.366 19208 19235 I Unity   : System.Action:Invoke()
03-30 19:22:48.366 19208 19235 I Unity   : System.Action`1:Invoke(T)
03-30 19:22:48.366 19208 19235 I Unity   : UnityEngine.AsyncOperation:InvokeCompletionEvent()
03-30 19:22:48.366 19208 19235 I Unity   :  
03-30 19:22:48.366 19208 19235 I Unity   : (Filename: ./Runtime/Export/Debug/Debug.bindings.h Line: 35)
03-30 19:22:48.366 19208 19235 I Unity   : 
03-30 19:22:48.413 19208 19235 I Unity   : Deactivating all views except for one
03-30 19:22:48.413 19208 19235 I Unity   : Pandora.UI.Menu.ViewsContainerBehaviour:DeactivateAllExcept(GameObject)
03-30 19:22:48.413 19208 19235 I Unity   : Pandora.UI.Menu.ViewsContainerBehaviour:EnableView(GameObject, Boolean)
03-30 19:22:48.413 19208 19235 I Unity   :  
03-30 19:22:48.413 19208 19235 I Unity   : (Filename: ./Runtime/Export/Debug/Debug.bindings.h Line: 35)
03-30 19:22:48.413 19208 19235 I Unity   : 
03-30 19:22:48.427 19208 19235 I Unity   : Preloading units...
03-30 19:22:48.427 19208 19235 I Unity   : <>c:<StartLoading>b__9_2(AnimationBezier)
03-30 19:22:48.427 19208 19235 I Unity   : GameSceneAsyncLoader:StartLoading()
03-30 19:22:48.427 19208 19235 I Unity   :  
03-30 19:22:48.427 19208 19235 I Unity   : (Filename: ./Runtime/Export/Debug/Debug.bindings.h Line: 35)
03-30 19:22:48.427 19208 19235 I Unity   : 
03-30 19:22:48.454 19208 19293 I Unity   : Firebase app loaded
03-30 19:22:48.454 19208 19293 I Unity   : Pandora.Analytics.FirebaseInit:<Start>b__1_0(Task`1)
03-30 19:22:48.454 19208 19293 I Unity   : System.Action`1:Invoke(T)
03-30 19:22:48.454 19208 19293 I Unity   : System.Threading.Tasks.Task:Execute()
03-30 19:22:48.454 19208 19293 I Unity   : System.Threading.ContextCallback:Invoke(Object)
03-30 19:22:48.454 19208 19293 I Unity   : System.Threading.ExecutionContext:RunInternal(ExecutionContext, ContextCallback, Object, Boolean)
03-30 19:22:48.454 19208 19293 I Unity   : System.Threading.Tasks.Task:ExecuteWithThreadLocal(Task&)
03-30 19:22:48.454 19208 19293 I Unity   : System.Threading.Tasks.Task:ExecuteEntry(Boolean)
03-30 19:22:48.454 19208 19293 I Unity   : System.Threading.ThreadPoolWorkQueue:Dispatch()
03-30 19:22:48.454 19208 19293 I Unity   :  
03-30 19:22:48.454 19208 19293 I Unity   : (Filename: ./Runtime/Export/Debug/Debug.bindings.h Line: 35)
03-30 19:22:48.454 19208 19293 I Unity   : 
03-30 19:22:48.486 19208 19235 E Unity   : Failed to read Firebase options from the app's resources. Either make sure google-services.json is included in your build or specify options explicitly. 
03-30 19:22:48.486 19208 19235 E Unity   : (Filename: ./Runtime/Export/Debug/Debug.bindings.h Line: 35)
03-30 19:22:48.486 19208 19235 E Unity   : 
03-30 19:22:48.487 19208 19235 E Unity   : Failed to read Firebase options from the app's resources. Either make sure google-services.json is included in your build or specify options explicitly. 
03-30 19:22:48.487 19208 19235 E Unity   : (Filename: ./Runtime/Export/Debug/Debug.bindings.h Line: 35)
03-30 19:22:48.487 19208 19235 E Unity   : 
03-30 19:22:52.149 19208 19235 I Unity   : Loaded addressable unit: Bard
03-30 19:22:52.149 19208 19235 I Unity   : Pandora.AddressablesSingleton:<LoadUnits>b__10_0(GameObject)
03-30 19:22:52.149 19208 19235 I Unity   : System.Action`1:Invoke(T)
03-30 19:22:52.149 19208 19235 I Unity   : System.Action`1:Invoke(T)
03-30 19:22:52.149 19208 19235 I Unity   : UnityEngine.ResourceManagement.AsyncOperations.<>c__DisplayClass55_0:<add_CompletedTypeless>b__0(AsyncOperationHandle`1)
03-30 19:22:52.149 19208 19235 I Unity   : System.Action`1:Invoke(T)
03-30 19:22:52.149 19208 19235 I Unity   : DelegateList`1:Invoke(T)
03-30 19:22:52.149 19208 19235 I Unity   : UnityEngine.ResourceManagement.AsyncOperations.AsyncOperationBase`1:InvokeCompletionEvent()
03-30 19:22:52.149 19208 19235 I Unity   : UnityEngine.ResourceManagement.AsyncOperations.AsyncOperationBase`1:Complete(TObject, Boolean, String, Boolean)
03-30 19:22:52.149 19208 19235 I Unity   : System.Action`1:Invoke(T)
03-30 19:22:52.149 19208 19235 I Unity   : UnityEngine.AsyncOperation:InvokeCompletionEvent()
03-30 19:22:52.149 19208 19235 I Unity   :  
03-30 19:22:52.149 19208 19235 I Unity   : (Filename: ./Runtime/Export/Debug/Debug.bindings.h Line: 35)
03-30 19:22:52.149 19208 19235 I Unity   : 
03-30 19:22:52.249 19208 19235 I Unity   : Loaded addressable unit: Cleric
03-30 19:22:52.249 19208 19235 I Unity   : Pandora.AddressablesSingleton:<LoadUnits>b__10_0(GameObject)
03-30 19:22:52.249 19208 19235 I Unity   : System.Action`1:Invoke(T)
03-30 19:22:52.249 19208 19235 I Unity   : System.Action`1:Invoke(T)
03-30 19:22:52.249 19208 19235 I Unity   : UnityEngine.ResourceManagement.AsyncOperations.<>c__DisplayClass55_0:<add_CompletedTypeless>b__0(AsyncOperationHandle`1)
03-30 19:22:52.249 19208 19235 I Unity   : System.Action`1:Invoke(T)
03-30 19:22:52.249 19208 19235 I Unity   : DelegateList`1:Invoke(T)
03-30 19:22:52.249 19208 19235 I Unity   : UnityEngine.ResourceManagement.AsyncOperations.AsyncOperationBase`1:InvokeCompletionEvent()
03-30 19:22:52.249 19208 19235 I Unity   : UnityEngine.ResourceManagement.AsyncOperations.AsyncOperationBase`1:Complete(TObject, Boolean, String, Boolean)
03-30 19:22:52.249 19208 19235 I Unity   : System.Action`1:Invoke(T)
03-30 19:22:52.249 19208 19235 I Unity   : UnityEngine.AsyncOperation:InvokeCompletionEvent()
03-30 19:22:52.249 19208 19235 I Unity   :  
03-30 19:22:52.249 19208 19235 I Unity   : (Filename: ./Runtime/Export/Debug/Debug.bindings.h Line: 35)
03-30 19:22:52.249 19208 19235 I Unity   : 
03-30 19:22:52.284 19208 19235 I Unity   : Loaded addressable unit: ClericsSpawner
03-30 19:22:52.284 19208 19235 I Unity   : Pandora.AddressablesSingleton:<LoadUnits>b__10_0(GameObject)
03-30 19:22:52.284 19208 19235 I Unity   : System.Action`1:Invoke(T)
03-30 19:22:52.284 19208 19235 I Unity   : System.Action`1:Invoke(T)
03-30 19:22:52.284 19208 19235 I Unity   : UnityEngine.ResourceManagement.AsyncOperations.<>c__DisplayClass55_0:<add_CompletedTypeless>b__0(AsyncOperationHandle`1)
03-30 19:22:52.284 19208 19235 I Unity   : System.Action`1:Invoke(T)
03-30 19:22:52.284 19208 19235 I Unity   : DelegateList`1:Invoke(T)
03-30 19:22:52.284 19208 19235 I Unity   : UnityEngine.ResourceManagement.AsyncOperations.AsyncOperationBase`1:InvokeCompletionEvent()
03-30 19:22:52.284 19208 19235 I Unity   : UnityEngine.ResourceManagement.AsyncOperations.AsyncOperationBase`1:Complete(TObject, Boolean, String, Boolean)
03-30 19:22:52.284 19208 19235 I Unity   : System.Action`1:Invoke(T)
03-30 19:22:52.284 19208 19235 I Unity   : UnityEngine.AsyncOperation:InvokeCompletionEvent()
03-30 19:22:52.284 19208 19235 I Unity   :  
03-30 19:22:52.284 19208 19235 I Unity   : (Filename: ./Runtime/Export/Debug/Debug.bindings.h Line: 35)
03-30 19:22:52.284 19208 19235 I Unity   : 
03-30 19:22:52.400 19208 19235 I Unity   : Loaded addressable unit: Cockatrice
03-30 19:22:52.400 19208 19235 I Unity   : Pandora.AddressablesSingleton:<LoadUnits>b__10_0(GameObject)
03-30 19:22:52.400 19208 19235 I Unity   : System.Action`1:Invoke(T)
03-30 19:22:52.400 19208 19235 I Unity   : System.Action`1:Invoke(T)
03-30 19:22:52.400 19208 19235 I Unity   : UnityEngine.ResourceManagement.AsyncOperations.<>c__DisplayClass55_0:<add_CompletedTypeless>b__0(AsyncOperationHandle`1)
03-30 19:22:52.400 19208 19235 I Unity   : System.Action`1:Invoke(T)
03-30 19:22:52.400 19208 19235 I Unity   : DelegateList`1:Invoke(T)
03-30 19:22:52.400 19208 19235 I Unity   : UnityEngine.ResourceManagement.AsyncOperations.AsyncOperationBase`1:InvokeCompletionEvent()
03-30 19:22:52.400 19208 19235 I Unity   : UnityEngine.ResourceManagement.AsyncOperations.AsyncOperationBase`1:Complete(TObject, Boolean, String, Boolean)
03-30 19:22:52.400 19208 19235 I Unity   : System.Action`1:Invoke(T)
03-30 19:22:52.400 19208 19235 I Unity   : UnityEngine.AsyncOperation:InvokeCompletionEvent()
03-30 19:22:52.400 19208 19235 I Unity   :  
03-30 19:22:52.400 19208 19235 I Unity   : (Filename: ./Runtime/Export/Debug/Debug.bindings.h Line: 35)
03-30 19:22:52.400 19208 19235 I Unity   : 
03-30 19:22:52.581 19208 19235 I Unity   : Loaded addressable unit: Fireball
03-30 19:22:52.581 19208 19235 I Unity   : Pandora.AddressablesSingleton:<LoadUnits>b__10_0(GameObject)
03-30 19:22:52.581 19208 19235 I Unity   : System.Action`1:Invoke(T)
03-30 19:22:52.581 19208 19235 I Unity   : System.Action`1:Invoke(T)
03-30 19:22:52.581 19208 19235 I Unity   : UnityEngine.ResourceManagement.AsyncOperations.<>c__DisplayClass55_0:<add_CompletedTypeless>b__0(AsyncOperationHandle`1)
03-30 19:22:52.581 19208 19235 I Unity   : System.Action`1:Invoke(T)
03-30 19:22:52.581 19208 19235 I Unity   : DelegateList`1:Invoke(T)
03-30 19:22:52.581 19208 19235 I Unity   : UnityEngine.ResourceManagement.AsyncOperations.AsyncOperationBase`1:InvokeCompletionEvent()
03-30 19:22:52.581 19208 19235 I Unity   : UnityEngine.ResourceManagement.AsyncOperations.AsyncOperationBase`1:Complete(TObject, Boolean, String, Boolean)
03-30 19:22:52.581 19208 19235 I Unity   : System.Action`1:Invoke(T)
03-30 19:22:52.581 19208 19235 I Unity   : UnityEngine.AsyncOperation:InvokeCompletionEvent()
03-30 19:22:52.581 19208 19235 I Unity   :  
03-30 19:22:52.581 19208 19235 I Unity   : (Filename: ./Runtime/Export/Debug/Debug.bindings.h Line: 35)
03-30 19:22:52.581 19208 19235 I Unity   : 
03-30 19:22:52.621 19208 19235 I Unity   : Loaded addressable unit: HalfOrc
03-30 19:22:52.621 19208 19235 I Unity   : Pandora.AddressablesSingleton:<LoadUnits>b__10_0(GameObject)
03-30 19:22:52.621 19208 19235 I Unity   : System.Action`1:Invoke(T)
03-30 19:22:52.621 19208 19235 I Unity   : System.Action`1:Invoke(T)
03-30 19:22:52.621 19208 19235 I Unity   : UnityEngine.ResourceManagement.AsyncOperations.<>c__DisplayClass55_0:<add_CompletedTypeless>b__0(AsyncOperationHandle`1)
03-30 19:22:52.621 19208 19235 I Unity   : System.Action`1:Invoke(T)
03-30 19:22:52.621 19208 19235 I Unity   : DelegateList`1:Invoke(T)
03-30 19:22:52.621 19208 19235 I Unity   : UnityEngine.ResourceManagement.AsyncOperations.AsyncOperationBase`1:InvokeCompletionEvent()
03-30 19:22:52.621 19208 19235 I Unity   : UnityEngine.ResourceManagement.AsyncOperations.AsyncOperationBase`1:Complete(TObject, Boolean, String, Boolean)
03-30 19:22:52.621 19208 19235 I Unity   : System.Action`1:Invoke(T)
03-30 19:22:52.621 19208 19235 I Unity   : UnityEngine.AsyncOperation:InvokeCompletionEvent()
03-30 19:22:52.621 19208 19235 I Unity   :  
03-30 19:22:52.621 19208 19235 I Unity   : (Filename: ./Runtime/Export/Debug/Debug.bindings.h Line: 35)
03-30 19:22:52.621 19208 19235 I Unity   : 
03-30 19:22:52.684 19208 19235 I Unity   : Loaded addressable unit: HalfOrcRider
03-30 19:22:52.684 19208 19235 I Unity   : Pandora.AddressablesSingleton:<LoadUnits>b__10_0(GameObject)
03-30 19:22:52.684 19208 19235 I Unity   : System.Action`1:Invoke(T)
03-30 19:22:52.684 19208 19235 I Unity   : System.Action`1:Invoke(T)
03-30 19:22:52.684 19208 19235 I Unity   : UnityEngine.ResourceManagement.AsyncOperations.<>c__DisplayClass55_0:<add_CompletedTypeless>b__0(AsyncOperationHandle`1)
03-30 19:22:52.684 19208 19235 I Unity   : System.Action`1:Invoke(T)
03-30 19:22:52.684 19208 19235 I Unity   : DelegateList`1:Invoke(T)
03-30 19:22:52.684 19208 19235 I Unity   : UnityEngine.ResourceManagement.AsyncOperations.AsyncOperationBase`1:InvokeCompletionEvent()
03-30 19:22:52.684 19208 19235 I Unity   : UnityEngine.ResourceManagement.AsyncOperations.AsyncOperationBase`1:Complete(TObject, Boolean, String, Boolean)
03-30 19:22:52.684 19208 19235 I Unity   : System.Action`1:Invoke(T)
03-30 19:22:52.684 19208 19235 I Unity   : UnityEngine.AsyncOperation:InvokeCompletionEvent()
03-30 19:22:52.684 19208 19235 I Unity   :  
03-30 19:22:52.684 19208 19235 I Unity   : (Filename: ./Runtime/Export/Debug/Debug.bindings.h Line: 35)
03-30 19:22:52.684 19208 19235 I Unity   : 
03-30 19:22:52.788 19208 19235 I Unity   : Loaded addressable unit: HalfOrcWolf
